// Vitest Snapshot v1

exports[`copyList > copies list from source to destination 1`] = `
[
  [
    [
      "a",
      "b",
    ],
    [
      "c",
    ],
  ],
  [
    [
      "d",
    ],
    [
      "e",
      "f",
    ],
  ],
]
`;
